======================================================================
LOADING DATA
======================================================================
Loading 8 CSV file(s) from /mnt/c/CN/PROJECT2/CICIDS...
  Friday-WorkingHours-Afternoon-DDos.pcap_ISCX.csv                 225745 rows
  Friday-WorkingHours-Afternoon-PortScan.pcap_ISCX.csv             286467 rows
  Friday-WorkingHours-Morning.pcap_ISCX.csv                        191033 rows
  Monday-WorkingHours.pcap_ISCX.csv                                529918 rows
  Thursday-WorkingHours-Afternoon-Infilteration.pcap_ISCX.csv      288602 rows
  Thursday-WorkingHours-Morning-WebAttacks.pcap_ISCX.csv           170366 rows
  Tuesday-WorkingHours.pcap_ISCX.csv                               445909 rows
  Wednesday-workingHours.pcap_ISCX.csv                             692703 rows
Concatenated: 2830743 rows, 79 columns
Dropped 2867 rows with inf/NaN values; 2827876 remain.
Dropped 307078 duplicate rows; 2520798 remain.

Subsampling BENIGN: 2095057 -> 300000 (all attack rows kept).
After BENIGN subsample: 725741 rows total.

Final: 725741 samples, 78 features, 15 classes
Class distribution (sorted by frequency):
  BENIGN                                  300000
  DoS Hulk                                172846
  DDoS                                    128014
  PortScan                                 90694
  DoS GoldenEye                            10286
  FTP-Patator                               5931
  DoS slowloris                             5385
  DoS Slowhttptest                          5228
  SSH-Patator                               3219
  Bot                                       1948
  Web Attack ï¿½ Brute Force                1470
  Web Attack ï¿½ XSS                         652
  Infiltration                                36
  Web Attack ï¿½ Sql Injection                21
  Heartbleed                                  11

======================================================================
PREPROCESSING + SPLIT
======================================================================
Split sizes: train=508018  val=72574  test=145149

Minority classes (< 5000 samples in train, BENIGN excluded):
  [ 1] Bot                                 n_train=1363
  [ 5] DoS Slowhttptest                    n_train=3659
  [ 6] DoS slowloris                       n_train=3770
  [ 7] FTP-Patator                         n_train=4152
  [ 8] Heartbleed                          n_train=8
  [ 9] Infiltration                        n_train=25
  [11] SSH-Patator                         n_train=2253
  [12] Web Attack ï¿½ Brute Force          n_train=1029
  [13] Web Attack ï¿½ Sql Injection        n_train=15
  [14] Web Attack ï¿½ XSS                  n_train=456

BENIGN class index: 0  (n_train=210000)

Device: cuda
Approx. dataset VRAM footprint: 0.23 GB (X+y, float32+int64)

======================================================================
EXPERIMENT GRID: 6 losses x 4 noise rates x 3 seeds = 72 runs
Noise mode: benign_to_minority
======================================================================

--- noise_rate = 0.0 (clean labels) ---
  noise= 0.0  loss=    ce  seed=0  macro_f1=0.7023  weighted_f1=0.9820  (26.3s)
  noise= 0.0  loss=    ce  seed=1  macro_f1=0.7077  weighted_f1=0.9822  (16.9s)
  noise= 0.0  loss=    ce  seed=2  macro_f1=0.7071  weighted_f1=0.9826  (18.9s)
  noise= 0.0  loss=    fl  seed=0  macro_f1=0.7752  weighted_f1=0.9809  (25.0s)
  noise= 0.0  loss=    fl  seed=1  macro_f1=0.7747  weighted_f1=0.9800  (20.6s)
  noise= 0.0  loss=    fl  seed=2  macro_f1=0.7744  weighted_f1=0.9815  (18.4s)
  noise= 0.0  loss=   gce  seed=0  macro_f1=0.5131  weighted_f1=0.9615  (14.9s)
  noise= 0.0  loss=   gce  seed=1  macro_f1=0.5161  weighted_f1=0.9673  (16.0s)
  noise= 0.0  loss=   gce  seed=2  macro_f1=0.5132  weighted_f1=0.9647  (14.4s)
  noise= 0.0  loss=   mae  seed=0  macro_f1=0.4401  weighted_f1=0.9541  (17.5s)
  noise= 0.0  loss=   mae  seed=1  macro_f1=0.4380  weighted_f1=0.9463  (17.1s)
  noise= 0.0  loss=   mae  seed=2  macro_f1=0.4368  weighted_f1=0.9536  (18.3s)
  noise= 0.0  loss=   gfl  seed=0  macro_f1=0.7794  weighted_f1=0.9813  (20.0s)
  noise= 0.0  loss=   gfl  seed=1  macro_f1=0.7718  weighted_f1=0.9812  (19.1s)
  noise= 0.0  loss=   gfl  seed=2  macro_f1=0.7745  weighted_f1=0.9817  (19.1s)
  noise= 0.0  loss= gfl_q  seed=0  macro_f1=0.6217  weighted_f1=0.9759  (16.8s)
  noise= 0.0  loss= gfl_q  seed=1  macro_f1=0.6277  weighted_f1=0.9704  (17.3s)
  noise= 0.0  loss= gfl_q  seed=2  macro_f1=0.6237  weighted_f1=0.9776  (17.2s)

--- noise_rate = 0.05 ---
  noise_rate 0.05 (BENIGN->minority): flipped 10500 of 210000 BENIGN labels into 10 minority classes.
  noise=0.05  loss=    ce  seed=0  macro_f1=0.7052  weighted_f1=0.9815  (17.5s)
  noise=0.05  loss=    ce  seed=1  macro_f1=0.7046  weighted_f1=0.9806  (16.8s)
  noise=0.05  loss=    ce  seed=2  macro_f1=0.7046  weighted_f1=0.9821  (17.3s)
  noise=0.05  loss=    fl  seed=0  macro_f1=0.7043  weighted_f1=0.9801  (20.7s)
  noise=0.05  loss=    fl  seed=1  macro_f1=0.7043  weighted_f1=0.9799  (18.9s)
  noise=0.05  loss=    fl  seed=2  macro_f1=0.7043  weighted_f1=0.9802  (18.8s)
  noise=0.05  loss=   gce  seed=0  macro_f1=0.5108  weighted_f1=0.9614  (14.1s)
  noise=0.05  loss=   gce  seed=1  macro_f1=0.5144  weighted_f1=0.9646  (14.9s)
  noise=0.05  loss=   gce  seed=2  macro_f1=0.5149  weighted_f1=0.9630  (15.7s)
  noise=0.05  loss=   mae  seed=0  macro_f1=0.4367  weighted_f1=0.9541  (17.4s)
  noise=0.05  loss=   mae  seed=1  macro_f1=0.4402  weighted_f1=0.9533  (17.8s)
  noise=0.05  loss=   mae  seed=2  macro_f1=0.4405  weighted_f1=0.9534  (17.2s)
  noise=0.05  loss=   gfl  seed=0  macro_f1=0.7044  weighted_f1=0.9796  (19.0s)
  noise=0.05  loss=   gfl  seed=1  macro_f1=0.7050  weighted_f1=0.9810  (19.4s)
  noise=0.05  loss=   gfl  seed=2  macro_f1=0.7013  weighted_f1=0.9804  (19.1s)
  noise=0.05  loss= gfl_q  seed=0  macro_f1=0.6667  weighted_f1=0.9776  (18.9s)
  noise=0.05  loss= gfl_q  seed=1  macro_f1=0.6734  weighted_f1=0.9811  (17.9s)
  noise=0.05  loss= gfl_q  seed=2  macro_f1=0.6552  weighted_f1=0.9772  (17.5s)

--- noise_rate = 0.1 ---
  noise_rate 0.1 (BENIGN->minority): flipped 21000 of 210000 BENIGN labels into 10 minority classes.
  noise= 0.1  loss=    ce  seed=0  macro_f1=0.7051  weighted_f1=0.9813  (16.9s)
  noise= 0.1  loss=    ce  seed=1  macro_f1=0.7036  weighted_f1=0.9811  (17.3s)
  noise= 0.1  loss=    ce  seed=2  macro_f1=0.7039  weighted_f1=0.9820  (17.5s)
  noise= 0.1  loss=    fl  seed=0  macro_f1=0.7036  weighted_f1=0.9789  (18.7s)
  noise= 0.1  loss=    fl  seed=1  macro_f1=0.7007  weighted_f1=0.9794  (19.2s)
  noise= 0.1  loss=    fl  seed=2  macro_f1=0.7041  weighted_f1=0.9804  (18.0s)
  noise= 0.1  loss=   gce  seed=0  macro_f1=0.5118  weighted_f1=0.9622  (14.0s)
  noise= 0.1  loss=   gce  seed=1  macro_f1=0.5121  weighted_f1=0.9643  (13.8s)
  noise= 0.1  loss=   gce  seed=2  macro_f1=0.5131  weighted_f1=0.9638  (14.6s)
  noise= 0.1  loss=   mae  seed=0  macro_f1=0.4379  weighted_f1=0.9448  (17.3s)
  noise= 0.1  loss=   mae  seed=1  macro_f1=0.4362  weighted_f1=0.9463  (17.3s)
  noise= 0.1  loss=   mae  seed=2  macro_f1=0.4406  weighted_f1=0.9539  (17.4s)
  noise= 0.1  loss=   gfl  seed=0  macro_f1=0.7013  weighted_f1=0.9792  (19.7s)
  noise= 0.1  loss=   gfl  seed=1  macro_f1=0.7006  weighted_f1=0.9799  (20.0s)
  noise= 0.1  loss=   gfl  seed=2  macro_f1=0.7040  weighted_f1=0.9804  (18.7s)
  noise= 0.1  loss= gfl_q  seed=0  macro_f1=0.6719  weighted_f1=0.9777  (17.6s)
  noise= 0.1  loss= gfl_q  seed=1  macro_f1=0.6730  weighted_f1=0.9785  (17.8s)
  noise= 0.1  loss= gfl_q  seed=2  macro_f1=0.6722  weighted_f1=0.9793  (18.2s)

--- noise_rate = 0.2 ---
  noise_rate 0.2 (BENIGN->minority): flipped 42000 of 210000 BENIGN labels into 10 minority classes.
  noise= 0.2  loss=    ce  seed=0  macro_f1=0.7048  weighted_f1=0.9804  (17.3s)
  noise= 0.2  loss=    ce  seed=1  macro_f1=0.7039  weighted_f1=0.9801  (17.5s)
  noise= 0.2  loss=    ce  seed=2  macro_f1=0.7036  weighted_f1=0.9822  (16.6s)
  noise= 0.2  loss=    fl  seed=0  macro_f1=0.7034  weighted_f1=0.9791  (18.8s)
  noise= 0.2  loss=    fl  seed=1  macro_f1=0.7037  weighted_f1=0.9796  (18.5s)
  noise= 0.2  loss=    fl  seed=2  macro_f1=0.7031  weighted_f1=0.9800  (19.1s)
  noise= 0.2  loss=   gce  seed=0  macro_f1=0.5115  weighted_f1=0.9615  (13.7s)
  noise= 0.2  loss=   gce  seed=1  macro_f1=0.5101  weighted_f1=0.9644  (14.0s)
  noise= 0.2  loss=   gce  seed=2  macro_f1=0.5117  weighted_f1=0.9615  (14.0s)
  noise= 0.2  loss=   mae  seed=0  macro_f1=0.4370  weighted_f1=0.9533  (17.0s)
  noise= 0.2  loss=   mae  seed=1  macro_f1=0.4388  weighted_f1=0.9470  (18.0s)
  noise= 0.2  loss=   mae  seed=2  macro_f1=0.5058  weighted_f1=0.9643  (19.0s)
  noise= 0.2  loss=   gfl  seed=0  macro_f1=0.7035  weighted_f1=0.9795  (19.2s)
  noise= 0.2  loss=   gfl  seed=1  macro_f1=0.7035  weighted_f1=0.9797  (19.0s)
  noise= 0.2  loss=   gfl  seed=2  macro_f1=0.7034  weighted_f1=0.9810  (18.6s)
  noise= 0.2  loss= gfl_q  seed=0  macro_f1=0.6730  weighted_f1=0.9789  (20.3s)
  noise= 0.2  loss= gfl_q  seed=1  macro_f1=0.6750  weighted_f1=0.9799  (20.1s)
  noise= 0.2  loss= gfl_q  seed=2  macro_f1=0.6764  weighted_f1=0.9812  (18.8s)

Results saved to /mnt/c/CN/PROJECT2/out_full_v2/results.json

======================================================================
SUMMARY: macro-F1 mean +/- std  by  (loss, noise_rate)
======================================================================
loss             noise=0.0        noise=0.05         noise=0.1         noise=0.2
--------------------------------------------------------------------------------
ce        0.706 +/- 0.002  0.705 +/- 0.000  0.704 +/- 0.001  0.704 +/- 0.001
fl        0.775 +/- 0.000  0.704 +/- 0.000  0.703 +/- 0.002  0.703 +/- 0.000
gce       0.514 +/- 0.001  0.513 +/- 0.002  0.512 +/- 0.001  0.511 +/- 0.001
mae       0.438 +/- 0.001  0.439 +/- 0.002  0.438 +/- 0.002  0.461 +/- 0.032
gfl       0.775 +/- 0.003  0.704 +/- 0.002  0.702 +/- 0.001  0.703 +/- 0.000
gfl_q     0.624 +/- 0.003  0.665 +/- 0.008  0.672 +/- 0.000  0.675 +/- 0.001

======================================================================
SUMMARY: minority-class F1 mean  by  (loss, noise_rate)
======================================================================
loss         noise=0.0    noise=0.05     noise=0.1     noise=0.2
----------------------------------------------------------------
ce              0.5654        0.5642        0.5632        0.5633
fl              0.6695        0.5639        0.5618        0.5627
gce             0.2816        0.2812        0.2795        0.2782
mae             0.1685        0.1687        0.1693        0.2015
gfl             0.6700        0.5629        0.5605        0.5626
gfl_q           0.4456        0.5061        0.5168        0.5199

======================================================================
BOUNDED-INFLUENCE CHECK: minority-F1 degradation slope
======================================================================
For each loss, delta = (minority-F1 at max noise) - (minority-F1 at zero noise)
More-negative delta = worse degradation under noise.

  ce        delta = -0.0021   (zero=0.5654 -> max=0.5633)
  fl        delta = -0.1068   (zero=0.6695 -> max=0.5627)
  gce       delta = -0.0034   (zero=0.2816 -> max=0.2782)
  mae       delta = +0.0330   (zero=0.1685 -> max=0.2015)
  gfl       delta = -0.1074   (zero=0.6700 -> max=0.5626)
  gfl_q     delta = +0.0743   (zero=0.4456 -> max=0.5199)

Theory predicts: |delta_GFL| < |delta_FL|, and |delta_GFL_q| < |delta_GFL|.
