==========================================================================
EMPIRICAL GRADIENT VALIDATION (real CICIDS samples)
==========================================================================
Loading 8 CSV file(s) from /mnt/c/CN/PROJECT2/CICIDS...
  Friday-WorkingHours-Afternoon-DDos.pcap_ISCX.csv                 225745 rows
  Friday-WorkingHours-Afternoon-PortScan.pcap_ISCX.csv             286467 rows
  Friday-WorkingHours-Morning.pcap_ISCX.csv                        191033 rows
  Monday-WorkingHours.pcap_ISCX.csv                                529918 rows
  Thursday-WorkingHours-Afternoon-Infilteration.pcap_ISCX.csv      288602 rows
  Thursday-WorkingHours-Morning-WebAttacks.pcap_ISCX.csv           170366 rows
  Tuesday-WorkingHours.pcap_ISCX.csv                               445909 rows
  Wednesday-workingHours.pcap_ISCX.csv                             692703 rows
Concatenated: 2830743 rows, 79 columns
Dropped 2867 rows with inf/NaN values; 2827876 remain.
Dropped 307078 duplicate rows; 2520798 remain.

Subsampling BENIGN: 2095057 -> 200000 (all attack rows kept).
After BENIGN subsample: 625741 rows total.

Final: 625741 samples, 78 features, 15 classes
Class distribution (sorted by frequency):
  BENIGN                                  200000
  DoS Hulk                                172846
  DDoS                                    128014
  PortScan                                 90694
  DoS GoldenEye                            10286
  FTP-Patator                               5931
  DoS slowloris                             5385
  DoS Slowhttptest                          5228
  SSH-Patator                               3219
  Bot                                       1948
  Web Attack ï¿½ Brute Force                1470
  Web Attack ï¿½ XSS                         652
  Infiltration                                36
  Web Attack ï¿½ Sql Injection                21
  Heartbleed                                  11
Split sizes: train=438018  val=62574  test=125149

minority indices: [1, 5, 6, 7, 8, 9, 11, 12, 13, 14] (10 classes)
BENIGN index: 0
  noise_rate 0.2 (BENIGN->minority): flipped 28000 of 140000 BENIGN labels into 10 minority classes.
Device: cuda

Warming up MLP with CE for 5 epochs...
  epoch 1/5 done
  epoch 2/5 done
  epoch 3/5 done
  epoch 4/5 done
  epoch 5/5 done
Warmup done in 12.3s.

Eval batch: 20000 samples
p_t distribution: min=1.60e-04, median=0.9987, max=1.0000
  fraction with p_t < 0.05 (deep tail / confidently wrong): 0.004
  fraction with p_t < 0.50 (hard / mid):                    0.030

Computing per-sample gradient norms for each loss config...

Per-sample data: /mnt/c/CN/PROJECT2/out_grad_empirical/per_sample_grads.csv

==========================================================================
BUCKETED MEAN |grad| ON REAL CICIDS SAMPLES
==========================================================================
(values in each bucket are mean gradient norm averaged over samples
 with p_t in the indicated range)

bucket                                    n        CE        FL   GFL t=0.3   GFL t=1.0   GFL t=2.0   GFL t=5.0
p_t < 1e-3 (confidently-wrong)            2    1.3507    1.3556      1.0419      0.6766      0.4508      0.2252
p_t in [1e-3, 0.05)                      78    1.3199    1.5134      1.1347      0.7130      0.4643      0.2263
p_t in [0.05, 0.30)                     336    1.1280    1.3329      1.0151      0.6438      0.4180      0.2006
p_t in [0.30, 0.60) (mid-hard)          245    0.6269    0.4307      0.3744      0.2847      0.2095      0.1133
p_t in [0.60, 0.95)                    7106    0.2107    0.0285      0.0277      0.0259      0.0238      0.0190
p_t in [0.95, 1.0)                    12233    0.0054    0.0000      0.0000      0.0000      0.0000      0.0000

Bucketed data: /mnt/c/CN/PROJECT2/out_grad_empirical/gradient_buckets.csv

==========================================================================
THEOREM 5.1(c) ON REAL DATA: ratio |grad GFL| / |grad FL| at low p_t
==========================================================================
Theory: ratio -> 1/(1+tau) as p_t -> 0+
(80 real samples with p_t < 0.05)

   tau     predicted      observed     rel error
  0.30        0.7692        0.7504        2.44%
  1.00        0.5000        0.4721        5.58%
  2.00        0.3333        0.3077        7.69%
  5.00        0.1667        0.1501        9.93%

Done.
